[2026-09-20T04:31:03Z] === ENRICH ITERATION 1 START | repo=google/python-fire sha=2b5902a1 ===
[2026-09-20T04:31:03Z] [iter=1] PHASE START: enrich repo=google/python-fire sha=2b5902a1 runlog=/home/runner/work/forx/forx/storage/aggregate/lsp/logs/2b5902a1-enrich-iter-001.log output=/home/runner/work/forx/forx/storage/aggregate/lsp/2b5902a15857287066108fdd204a790b3cca8887.nq.gz
[2026-09-20T04:31:03Z] [iter=1] Step 1: Loading AST into disk-backed store mem_mb=78 MB
[2026-09-20T04:31:07Z] [iter=1] AST store loaded triples=394369 load_secs=4 mem_mb=601 MB
[2026-09-20T04:31:07Z] [iter=1] Step 2: Finding LSP targets mem_mb=601 MB
[2026-09-20T04:31:08Z] [iter=1] LSP targets found call_sites=2880 imports=0 extends=0 implements=0 secs=1
[2026-09-20T04:31:09Z] [iter=1] Step 2.7: Building position index (one-shot, shared across resolvers) mem_mb=601 MB
[2026-09-20T04:31:11Z] [iter=1] Position index built positions=27989 nodes_with_types=35854 secs=2 mem_mb=601 MB
[2026-09-20T04:31:11Z] [iter=1] Step 3: Starting LSP resolution mem_mb=601 MB already_completed_types=[] already_completed_files=0
[2026-09-20T04:31:11Z] [iter=1] Resolving target type target_type=call_site count=2880
[2026-09-20T04:31:33Z] [iter=1] HEARTBEAT target_type=call_site elapsed_min=0.5 files_done=4 resolved=173 errors=120 current=fire/fire_test.py
[2026-09-20T04:32:12Z] [iter=1] HEARTBEAT target_type=call_site elapsed_min=1.2 files_done=5 resolved=342 errors=356 current=fire/core.py
[2026-09-20T04:32:44Z] [iter=1] HEARTBEAT target_type=call_site elapsed_min=1.7 files_done=7 resolved=510 errors=497 current=fire/core_test.py
[2026-09-20T04:33:30Z] [iter=1] HEARTBEAT target_type=call_site elapsed_min=2.5 files_done=12 resolved=768 errors=758 current=fire/helptext_test.py
[2026-09-20T04:34:06Z] [iter=1] HEARTBEAT target_type=call_site elapsed_min=3.1 files_done=18 resolved=1024 errors=974 current=fire/console/console_pager.py
[2026-09-20T04:34:37Z] [iter=1] HEARTBEAT target_type=call_site elapsed_min=3.6 files_done=30 resolved=1308 errors=1133 current=fire/formatting_windows.py
[2026-09-20T04:34:57Z] [iter=1] Target type resolved target_type=call_site resolved=1473 errors=1229 secs=226 mem_mb=601 MB
[2026-09-20T04:35:00Z] [iter=1] Step 5: Writing final enrichment file triples=26358
[2026-09-20T04:35:00Z] [iter=1] Enrichment file written path=/home/runner/work/forx/forx/storage/aggregate/lsp/2b5902a15857287066108fdd204a790b3cca8887.nq.gz size_kb=477
[2026-09-20T04:35:00Z] [iter=1] PHASE END: enrich elapsed_s=237 elapsed_min=4.0 total_triples=26358
