[2026-09-20T03:21:41Z] === ENRICH ITERATION 1 START | repo=google/python-fire sha=90b7f824 ===
[2026-09-20T03:21:41Z] [iter=1] PHASE START: enrich repo=google/python-fire sha=90b7f824 runlog=/home/runner/work/forx/forx/storage/aggregate/lsp/logs/90b7f824-enrich-iter-001.log output=/home/runner/work/forx/forx/storage/aggregate/lsp/90b7f824f2e760e6363b0d10c52b1940346a0fa6.nq.gz
[2026-09-20T03:21:41Z] [iter=1] Step 1: Loading AST into disk-backed store mem_mb=78 MB
[2026-09-20T03:21:45Z] [iter=1] AST store loaded triples=391825 load_secs=4 mem_mb=603 MB
[2026-09-20T03:21:45Z] [iter=1] Step 2: Finding LSP targets mem_mb=603 MB
[2026-09-20T03:21:46Z] [iter=1] LSP targets found call_sites=2859 imports=0 extends=0 implements=0 secs=1
[2026-09-20T03:21:46Z] [iter=1] Step 2.7: Building position index (one-shot, shared across resolvers) mem_mb=603 MB
[2026-09-20T03:21:48Z] [iter=1] Position index built positions=27881 nodes_with_types=35666 secs=2 mem_mb=603 MB
[2026-09-20T03:21:48Z] [iter=1] Step 3: Starting LSP resolution mem_mb=603 MB already_completed_types=[] already_completed_files=0
[2026-09-20T03:21:48Z] [iter=1] Resolving target type target_type=call_site count=2859
[2026-09-20T03:22:15Z] [iter=1] HEARTBEAT target_type=call_site elapsed_min=0.6 files_done=2 resolved=194 errors=149 current=fire/core_test.py
[2026-09-20T03:22:59Z] [iter=1] HEARTBEAT target_type=call_site elapsed_min=1.3 files_done=5 resolved=373 errors=399 current=fire/console/console_pager.py
[2026-09-20T03:23:39Z] [iter=1] HEARTBEAT target_type=call_site elapsed_min=2.0 files_done=9 resolved=611 errors=602 current=fire/fire_test.py
[2026-09-20T03:24:16Z] [iter=1] HEARTBEAT target_type=call_site elapsed_min=2.6 files_done=10 resolved=782 errors=835 current=fire/completion_test.py
[2026-09-20T03:24:51Z] [iter=1] HEARTBEAT target_type=call_site elapsed_min=3.2 files_done=24 resolved=1065 errors=1032 current=fire/testutils.py
[2026-09-20T03:25:22Z] [iter=1] HEARTBEAT target_type=call_site elapsed_min=3.7 files_done=40 resolved=1379 errors=1197 current=fire/__main__.py
[2026-09-20T03:25:30Z] [iter=1] Target type resolved target_type=call_site resolved=1468 errors=1241 secs=222 mem_mb=603 MB
[2026-09-20T03:25:33Z] [iter=1] Step 5: Writing final enrichment file triples=25742
[2026-09-20T03:25:33Z] [iter=1] Enrichment file written path=/home/runner/work/forx/forx/storage/aggregate/lsp/90b7f824f2e760e6363b0d10c52b1940346a0fa6.nq.gz size_kb=466
[2026-09-20T03:25:33Z] [iter=1] PHASE END: enrich elapsed_s=233 elapsed_min=3.9 total_triples=25742
